
Erster Akt 

Das ist eine Beschreibung der Örtlichkeit, wo sich der erste Akt abspielt. Diese 

Phrase soll keiner Rolle zugewiesen werden. 

ALICE Das ist die erste Phrase in diesem Theaterstück. Diese 

Phrase soll Alice zugeteilt werden. 

BOB Hallo Alice! Wie geht’s dir so? (Schaut Alice in die 

Augen) 

MR. MISTER Bla Bla Bla. 

(Anna tritt auf.) 

ANNA P. (fröhlich) Halli-hallöchen! 

LADY MARI-MUSTER  O man. Ich brauch‘ erst mal einen Kaffee. 

ANNA P. UND BOB (gleichzeitig.) Ich auch! 

Zweiter Akt 

Vorhang 

1 

 


